../TOF/App/app_tof.c:70:6:MX_TOF_Init	8	static
../TOF/App/app_tof.c:92:6:MX_TOF_Process	8	static
../TOF/App/app_tof.c:105:13:MX_VL53L5CX_SimpleRanging_Init	8	static
../TOF/App/app_tof.c:190:13:MX_VL53L5CX_SimpleRanging_Process	1296	static
../TOF/App/app_tof.c:230:13:print_result	56	static
../TOF/App/app_tof.c:331:13:toggle_resolution	8	static
../TOF/App/app_tof.c:361:13:toggle_signal_and_ambient	8	static
../TOF/App/app_tof.c:372:13:clear_screen	8	static
../TOF/App/app_tof.c:378:13:display_commands_banner	8	static
../TOF/App/app_tof.c:397:13:handle_cmd	16	static
../TOF/App/app_tof.c:435:16:get_key	16	static
../TOF/App/app_tof.c:444:17:com_has_data	4	static
../TOF/App/app_tof.c:449:16:zone_determine	24	static
